initialize:
   <body><svg/><div/></body>

remove svg:
   <body><div/></body>

removeAll div:
   <body/>

