zero arguments:
  this: vis
  a: vis
  b: undefined

one argument:
  this: vis
  a: vis
  b: test

