transition start:
   white

transition end:
   rgb(255,0,0)

