append svg:svg:
   <svg/>

append div:
   <svg/><div/>

