default:
  undefined: M0,4.51351666838205A4.51351666838205,4.51351666838205 0 1,1 0,-4.51351666838205A4.51351666838205,4.51351666838205 0 1,1 0,4.51351666838205Z

size(Number):
   0: M0,0A0,0 0 1,1 0,0A0,0 0 1,1 0,0Z
   π: M0,1A1,1 0 1,1 0,-1A1,1 0 1,1 0,1Z
  4π: M0,2A2,2 0 1,1 0,-2A2,2 0 1,1 0,2Z

size(d.z):
   0: M0,0A0,0 0 1,1 0,0A0,0 0 1,1 0,0Z
   π: M0,1A1,1 0 1,1 0,-1A1,1 0 1,1 0,1Z
  4π: M0,2A2,2 0 1,1 0,-2A2,2 0 1,1 0,2Z

type(cross).size(Number):
   0: M0,0H0V0H0V0H0V0H0V0H0V0H0Z
  20: M-3,-1H-1V-3H1V-1H3V1H1V3H-1V1H-3Z

type(diamond).size(Number):
   0: M0,0L0,0 0,0 0,0Z
  10: M0,-2.9428309563827124L1.6990442448471224,0 0,2.9428309563827124 -1.6990442448471224,0Z

type(square).size(Number):
   0: M0,0L0,0 0,0 0,0Z
   4: M-1,-1L1,-1 1,1 -1,1Z
  16: M-2,-2L2,-2 2,2 -2,2Z

type(triangle-down).size(Number):
   0: M0,0L0,0 0,0Z
  10: M0,2.0808957251439084L2.4028114141347543,-2.0808957251439084 -2.4028114141347543,-2.0808957251439084Z

type(triangle-up).size(Number):
   0: M0,0L0,0 0,0Z
  10: M0,-2.0808957251439084L2.4028114141347543,2.0808957251439084 -2.4028114141347543,2.0808957251439084Z

type(String):
      undefined: M0,4.51351666838205A4.51351666838205,4.51351666838205 0 1,1 0,-4.51351666838205A4.51351666838205,4.51351666838205 0 1,1 0,4.51351666838205Z
         circle: M0,4.51351666838205A4.51351666838205,4.51351666838205 0 1,1 0,-4.51351666838205A4.51351666838205,4.51351666838205 0 1,1 0,4.51351666838205Z
          cross: M-5.366563145999495,-1.7888543819998317H-1.7888543819998317V-5.366563145999495H1.7888543819998317V-1.7888543819998317H5.366563145999495V1.7888543819998317H1.7888543819998317V5.366563145999495H-1.7888543819998317V1.7888543819998317H-5.366563145999495Z
        diamond: M0,-7.444838872816797L4.298279727294167,0 0,7.444838872816797 -4.298279727294167,0Z
         square: M-4,-4L4,-4 4,4 -4,4Z
  triangle-down: M0,5.26429605180997L6.078685485212741,-5.26429605180997 -6.078685485212741,-5.26429605180997Z
    triangle-up: M0,-5.26429605180997L6.078685485212741,5.26429605180997 -6.078685485212741,5.26429605180997Z

